// Jest Snapshot v1, https://goo.gl/fbAQLP

exports[`Header loads correctly 1`] = `
<header>
  <mockConstructor
    to="/"
  >
    <Memo(ImageElement)
      alt="A great image"
      height={100}
      image={
        Object {
          "description": "A great image",
          "url": "https://example.com/wide.png",
        }
      }
      layout="fixed"
      width={100}
    />
    <div
      className="siteName"
    >
      Czech Theater
    </div>
  </mockConstructor>
</header>
`;
