// Jest Snapshot v1, https://goo.gl/fbAQLP

exports[`Layout loads correctly 1`] = `
<Fragment>
  <Header
    logoUrl="https://assets-us-01.kc-usercontent.com:443/fb599585-baec-0077-1624-981d3321fff0/4e43fc7c-ce8d-49fd-aba9-bdf908330220/logo.jpg?fm=webp&w=88&h=88"
    siteTitle="Czech Theater"
  />
  <div
    style={
      Object {
        "margin": "0 auto",
        "maxWidth": 960,
        "padding": "0px 1.0875rem 1.45rem",
        "paddingTop": 0,
      }
    }
  >
    <main>
      <p>
        A test
      </p>
    </main>
    <footer>
      © 2018–
      2021
       Czech Theater, z.s., IČO: 07245904. Theme inspired by 
      <a
        href="https://html5up.net"
      >
        HTML5 UP
      </a>
      . Powered by 
      <a
        href="https://www.gatsbyjs.org"
      >
        Gatsby
      </a>
       and 
      <a
        href="https://kontent.ai"
      >
        Kentico Kontent
      </a>
      .
    </footer>
  </div>
</Fragment>
`;
